/* ControlUnit_r
 * Author: yves
 * Creation date: 22/05/2022
 */

REFINEMENT ControlUnit_r
REFINES ControlUnit

SEES CTX

OPERATIONS
    new_state_pupitre <-- pupitre_next(state) =
    BEGIN
        skip
    END;
    
    new_state_pv1 <-- panne_volontaire1_next(state) =
    BEGIN
        skip
    END;
    
    new_state_pv2 <-- panne_volontaire2_next(state) =
    BEGIN
        skip
    END;
    
    new_state_ext <-- ext_state_next(state) =
    BEGIN
        skip
    END
 END